nohup: ignoring input
2026-02-22 11:58:39 - Skipping (already completed): VGG16_1bit.ipynb
2026-02-22 11:58:39 - Skipping (already completed): VGG16_2bit.ipynb
2026-02-22 11:58:39 - Skipping (already completed): VGG16_4bit.ipynb
2026-02-22 11:58:39 - Skipping (already completed): VGG16_8bit.ipynb
2026-02-22 11:58:39 - Skipping (already completed): VGG16_float.ipynb
2026-02-22 11:58:39 - Skipping (already completed): VGG16_mixed_11111_444bit.ipynb
2026-02-22 11:58:39 - Skipping (already completed): VGG16_mixed_11111_888bit.ipynb
2026-02-22 11:58:39 - Skipping (already completed): VGG16_mixed_41111_111bit.ipynb
2026-02-22 11:58:39 - Skipping (already completed): VGG16_mixed_41111_114bit.ipynb
2026-02-22 11:58:39 - Skipping (already completed): VGG16_mixed_44444_111bit.ipynb
2026-02-22 11:58:39 - Skipping (already completed): VGG16_mixed_81111_111bit.ipynb
2026-02-22 11:58:39 - Skipping (already completed): VGG16_mixed_81111_118bit.ipynb
2026-02-22 11:58:39 - Skipping (already completed): VGG16_mixed_84211_248bit.ipynb
2026-02-22 11:58:39 - Skipping (already completed): VGG16_mixed_88442_111bit.ipynb
2026-02-22 11:58:39 - Starting: VGG16_mixed_88442_221bit.ipynb
2026-02-22 22:36:14 - Error during: VGG16_mixed_88442_221bit.ipynb ❌
2026-02-22 22:36:14 - Aborting. You can rerun the script to resume from here.
nb to notebook
[NbConvertApp] ERROR | Kernel died while waiting for execute reply.
Traceback (most recent call last):
  File "/home/yuhao/anaconda3/envs/brevitas/bin/jupyter-nbconvert", line 11, in <module>
    sys.exit(main())
  File "/home/yuhao/anaconda3/envs/brevitas/lib/python3.9/site-packages/jupyter_core/application.py", line 283, in launch_instance
    super().launch_instance(argv=argv, **kwargs)
  File "/home/yuhao/anaconda3/envs/brevitas/lib/python3.9/site-packages/traitlets/config/application.py", line 1075, in launch_instance
    app.start()
  File "/home/yuhao/anaconda3/envs/brevitas/lib/python3.9/site-packages/nbconvert/nbconvertapp.py", line 420, in start
    self.convert_notebooks()
  File "/home/yuhao/anaconda3/envs/brevitas/lib/python3.9/site-packages/nbconvert/nbconvertapp.py", line 597, in convert_notebooks
    self.convert_single_notebook(notebook_filename)
  File "/home/yuhao/anaconda3/envs/brevitas/lib/python3.9/site-packages/nbconvert/nbconvertapp.py", line 563, in convert_single_notebook
    output, resources = self.export_single_notebook(
  File "/home/yuhao/anaconda3/envs/brevitas/lib/python3.9/site-packages/nbconvert/nbconvertapp.py", line 487, in export_single_notebook
    output, resources = self.exporter.from_filename(
  File "/home/yuhao/anaconda3/envs/brevitas/lib/python3.9/site-packages/nbconvert/exporters/exporter.py", line 201, in from_filename
    return self.from_file(f, resources=resources, **kw)
  File "/home/yuhao/anaconda3/envs/brevitas/lib/python3.9/site-packages/nbconvert/exporters/exporter.py", line 220, in from_file
    return self.from_notebook_node(
  File "/home/yuhao/anaconda3/envs/brevitas/lib/python3.9/site-packages/nbconvert/exporters/notebook.py", line 36, in from_notebook_node
    nb_copy, resources = super().from_notebook_node(nb, resources, **kw)
  File "/home/yuhao/anaconda3/envs/brevitas/lib/python3.9/site-packages/nbconvert/exporters/exporter.py", line 154, in from_notebook_node
    nb_copy, resources = self._preprocess(nb_copy, resources)
  File "/home/yuhao/anaconda3/envs/brevitas/lib/python3.9/site-packages/nbconvert/exporters/exporter.py", line 353, in _preprocess
    nbc, resc = preprocessor(nbc, resc)
  File "/home/yuhao/anaconda3/envs/brevitas/lib/python3.9/site-packages/nbconvert/preprocessors/base.py", line 48, in __call__
    return self.preprocess(nb, resources)
  File "/home/yuhao/anaconda3/envs/brevitas/lib/python3.9/site-packages/nbconvert/preprocessors/execute.py", line 103, in preprocess
    self.preprocess_cell(cell, resources, index)
  File "/home/yuhao/anaconda3/envs/brevitas/lib/python3.9/site-packages/nbconvert/preprocessors/execute.py", line 124, in preprocess_cell
    cell = self.execute_cell(cell, index, store_history=True)
  File "/home/yuhao/anaconda3/envs/brevitas/lib/python3.9/site-packages/jupyter_core/utils/__init__.py", line 165, in wrapped
    return loop.run_until_complete(inner)
  File "/home/yuhao/anaconda3/envs/brevitas/lib/python3.9/asyncio/base_events.py", line 647, in run_until_complete
    return future.result()
  File "/home/yuhao/anaconda3/envs/brevitas/lib/python3.9/site-packages/nbclient/client.py", line 1005, in async_execute_cell
    raise DeadKernelError("Kernel died") from None
nbclient.exceptions.DeadKernelError: Kernel died
2026-02-22 22:36:14 - Error during: VGG16_mixed_88442_221bit.ipynb ❌
2026-02-22 22:36:14 - Aborting. You can rerun the script to resume from here.
2026-02-22 22:36:14 - Script interrupted or crashed.
