nohup: ignoring input
2026-04-18 01:39:33 - Starting: SFC_1bit.ipynb
2026-04-18 05:08:35 - Finished: SFC_1bit.ipynb ✅
2026-04-18 05:08:35 - Starting: SFC_2bit.ipynb
2026-04-18 08:54:24 - Finished: SFC_2bit.ipynb ✅
2026-04-18 08:54:24 - Starting: SFC_4bit.ipynb
2026-04-18 12:51:51 - Finished: SFC_4bit.ipynb ✅
2026-04-18 12:51:51 - Starting: SFC_8bit.ipynb
2026-04-18 16:36:57 - Finished: SFC_8bit.ipynb ✅
2026-04-18 16:36:57 - Starting: SFC_mixed_1112bit.ipynb
:24 - Finished: SFC_2bit.ipynb ✅
2026-04-18 08:54:24 - Starting: SFC_4bit.ipynb
[NbConvertApp] Converting notebook .//SFC_4bit.ipynb to notebook
[NbConvertApp] Writing 2209399 bytes to SFC_4bit.ipynb
2026-04-18 12:51:51 - Finished: SFC_4bit.ipynb ✅
2026-04-18 12:51:51 - Starting: SFC_8bit.ipynb
[NbConvertApp] Converting notebook .//SFC_8bit.ipynb to notebook
[NbConvertApp] Writing 2192092 bytes to SFC_8bit.ipynb
2026-04-18 16:36:57 - Finished: SFC_8bit.ipynb ✅
2026-04-18 16:36:57 - Starting: SFC_mixed_1112bit.ipynb
[NbConvertApp] Converting notebook .//SFC_mixed_1112bit.ipynb to notebook
